// Jest Snapshot v1, https://goo.gl/fbAQLP

exports[`MovieDetailsPage Snapshot no render if it is not needed 1`] = `null`;

exports[`MovieDetailsPage Snapshot renders 1`] = `
<div
  className="wrapper"
  id="MovieDetailsPage"
>
  <section
    className="section"
  >
    <Connect(Header) />
    <Button
      className="searchButton"
      dataAttr={null}
      id="searchDetailsButton"
      isMain={true}
      onClick={[Function]}
      text="SEARCH"
      type="white"
    />
    <MovieDetails
      genres={
        Array [
          "Drama",
          "Comedy",
        ]
      }
      id={13456}
      overview="Super movie sdfsfs"
      poster_path="../../assets/images/poster.jpg"
      release_date="1984-12-03"
      runtime={150}
      tagline="Super movie"
      title="Captain Marvel"
    />
  </section>
</div>
`;

exports[`MovieDetailsPage Snapshot with store render 1`] = `null`;
