// Jest Snapshot v1, https://goo.gl/fbAQLP

exports[`MovieDetailsPage Snapshot renders 1`] = `
<div
  className="wrapper"
  id="MovieDetailsPage"
>
  <section
    className="section"
  >
    <Connect(Header) />
    <Button
      className="searchButton"
      dataAttr={null}
      id="searchDetailsButton"
      isMain={true}
      onClick={[Function]}
      text="SEARCH"
      type="white"
    />
    <MovieDetails
      genres={
        Array [
          "Drama",
          "Comedy",
        ]
      }
      id={13456}
      overview="Super movie sdfsfs"
      poster_path="../../assets/images/poster.jpg"
      release_date="1984-12-03"
      runtime={150}
      tagline="Super movie"
      title="Captain Marvel"
    />
  </section>
</div>
`;

exports[`MovieDetailsPage Snapshot with store render 1`] = `
<div
  className="wrapper"
  id="MovieDetailsPage"
>
  <section
    className="section"
  >
    <header
      className="header"
    >
      <a
        className="link"
        href="/"
        onClick={[Function]}
      >
        <p
          className="logo"
          onClick={[Function]}
          onKeyPress={[Function]}
          role="presentation"
        >
          netflixroulette
        </p>
      </a>
    </header>
    <button
      className="button big white searchButton"
      data-attr={null}
      id="searchDetailsButton"
      onClick={[Function]}
      type="button"
    >
      SEARCH
    </button>
    <div
      className="container"
    >
      <div
        className="wrapper"
      >
        <div
          className="poster"
          style={
            Object {
              "backgroundImage": "url(../../assets/images/poster.jpg)",
            }
          }
        />
        <div
          className="description"
        >
          <h2
            className="title"
          >
            Captain Marvel
          </h2>
          <h4
            className="details"
          >
            Super movie
          </h4>
          <div
            className="statistics"
          >
            <p
              className="year"
            >
              1984
            </p>
            <p
              className="duration"
            >
              150 min
            </p>
          </div>
          <p
            className="shortStory"
          >
            Super movie sdfsfs
          </p>
        </div>
      </div>
    </div>
  </section>
</div>
`;
