// Jest Snapshot v1, https://goo.gl/fbAQLP

exports[`Search Snapshot render 1`] = `
<div
  className="searchWrapper"
>
  <p
    className="searchText"
  >
    find your movie
  </p>
  <input
    className="search"
    onChange={[Function]}
    placeholder="search film"
    type="text"
    value=""
  />
  <div
    className="buttonsWrapper"
  >
    <div
      className="btnWrapper"
    >
      <h3
        className="searchTitle"
      >
        SEARCH BY
      </h3>
      <Button
        className={null}
        dataAttr="title"
        id={null}
        isMain={null}
        onClick={[Function]}
        text="title"
        type="red"
      />
      <Button
        className={null}
        dataAttr="genres"
        id={null}
        isMain={null}
        onClick={[Function]}
        text="genre"
        type="black"
      />
    </div>
    <Button
      className={null}
      dataAttr={null}
      id={null}
      isMain={true}
      onClick={[Function]}
      text="SEARCH"
      type="red"
    />
  </div>
</div>
`;

exports[`Search Snapshot with store render 1`] = `
<Context.Provider
  value={
    Object {
      "store": Object {
        "clearActions": [Function],
        "dispatch": [Function],
        "getActions": [Function],
        "getState": [Function],
        "replaceReducer": [Function],
        "subscribe": [Function],
      },
      "storeState": Object {
        "notPersistedStore": Object {
          "searchBy": "title",
          "searchedWord": "word",
        },
      },
    }
  }
>
  <withRouter(Connect(Search)) />
</Context.Provider>
`;
