// Jest Snapshot v1, https://goo.gl/fbAQLP

exports[`MovieInfo Snapshot render with store 1`] = `
<div
  className="list"
>
  <div
    className="container"
    id="film"
    onClick={[Function]}
    onKeyPress={[Function]}
    role="presentation"
  >
    <div
      className="wrapper"
    >
      <div
        className="poster"
        style={
          Object {
            "backgroundImage": "url(https://image.tmdb.org/t/p/w500/ldoY4fTZkGISMidNw60GHoNdgP8.jpg)",
          }
        }
      />
      <div
        className="container"
      >
        <div
          className="film-description"
        >
          <div
            className="titleWrapper"
          >
            <div
              className="name"
            >
              Guardians of the Galaxy Vol. 3
            </div>
            <div
              className="year"
            >
              2020
            </div>
          </div>
          <div
            className="info"
          >
            <div
              className="genres"
            >
              <span
                className="genre"
              >
                Action
              </span>
              <span
                className="genre"
              >
                Adventure
              </span>
              <span
                className="genre"
              >
                Science Fiction
              </span>
            </div>
          </div>
        </div>
      </div>
    </div>
  </div>
  <div
    className="container"
    id="film"
    onClick={[Function]}
    onKeyPress={[Function]}
    role="presentation"
  >
    <div
      className="wrapper"
    >
      <div
        className="poster"
        style={
          Object {
            "backgroundImage": "url(https://image.tmdb.org/t/p/w500/432BowXw7a4fWXSONxBaFKqvW4f.jpg)",
          }
        }
      />
      <div
        className="container"
      >
        <div
          className="film-description"
        >
          <div
            className="titleWrapper"
          >
            <div
              className="name"
            >
              Transformers 7
            </div>
            <div
              className="year"
            >
              2019
            </div>
          </div>
          <div
            className="info"
          >
            <div
              className="genres"
            >
              <span
                className="genre"
              >
                Science Fiction
              </span>
              <span
                className="genre"
              >
                Action
              </span>
              <span
                className="genre"
              >
                Adventure
              </span>
            </div>
          </div>
        </div>
      </div>
    </div>
  </div>
  <div
    className="container"
    id="film"
    onClick={[Function]}
    onKeyPress={[Function]}
    role="presentation"
  >
    <div
      className="wrapper"
    >
      <div
        className="poster"
        style={
          Object {
            "backgroundImage": "url(https://image.tmdb.org/t/p/w500/aMETsaNNcDc6g5ZatQtVbySnSaA.jpg)",
          }
        }
      />
      <div
        className="container"
      >
        <div
          className="film-description"
        >
          <div
            className="titleWrapper"
          >
            <div
              className="name"
            >
              Untitled Avengers
            </div>
            <div
              className="year"
            >
              2019
            </div>
          </div>
          <div
            className="info"
          >
            <div
              className="genres"
            >
              <span
                className="genre"
              >
                Action
              </span>
              <span
                className="genre"
              >
                Adventure
              </span>
              <span
                className="genre"
              >
                Science Fiction
              </span>
            </div>
          </div>
        </div>
      </div>
    </div>
  </div>
  <div
    className="container"
    id="film"
    onClick={[Function]}
    onKeyPress={[Function]}
    role="presentation"
  >
    <div
      className="wrapper"
    >
      <div
        className="poster"
        style={
          Object {
            "backgroundImage": "url(https://image.tmdb.org/t/p/w500/yUOJHa9XmB1H0iYodG9Kb3YCc9T.jpg)",
          }
        }
      />
      <div
        className="container"
      >
        <div
          className="film-description"
        >
          <div
            className="titleWrapper"
          >
            <div
              className="name"
            >
              Shazam!
            </div>
            <div
              className="year"
            >
              2019
            </div>
          </div>
          <div
            className="info"
          >
            <div
              className="genres"
            >
              <span
                className="genre"
              >
                Action
              </span>
              <span
                className="genre"
              >
                Adventure
              </span>
              <span
                className="genre"
              >
                Fantasy
              </span>
              <span
                className="genre"
              >
                Science Fiction
              </span>
            </div>
          </div>
        </div>
      </div>
    </div>
  </div>
  <div
    className="container"
    id="film"
    onClick={[Function]}
    onKeyPress={[Function]}
    role="presentation"
  >
    <div
      className="wrapper"
    >
      <div
        className="poster"
        style={
          Object {
            "backgroundImage": "url(https://image.tmdb.org/t/p/w500/6qmsupE0opYPIaBGe7T5D2FBzLs.jpg)",
          }
        }
      />
      <div
        className="container"
      >
        <div
          className="film-description"
        >
          <div
            className="titleWrapper"
          >
            <div
              className="name"
            >
              X-Men: Dark Phoenix
            </div>
            <div
              className="year"
            >
              2019
            </div>
          </div>
          <div
            className="info"
          >
            <div
              className="genres"
            >
              <span
                className="genre"
              >
                Action
              </span>
              <span
                className="genre"
              >
                Science Fiction
              </span>
            </div>
          </div>
        </div>
      </div>
    </div>
  </div>
  <div
    className="container"
    id="film"
    onClick={[Function]}
    onKeyPress={[Function]}
    role="presentation"
  >
    <div
      className="wrapper"
    >
      <div
        className="poster"
        style={
          Object {
            "backgroundImage": "url(https://image.tmdb.org/t/p/w500/98tbNloMBztAVnWpAznKKVUdi2O.jpg)",
          }
        }
      />
      <div
        className="container"
      >
        <div
          className="film-description"
        >
          <div
            className="titleWrapper"
          >
            <div
              className="name"
            >
              Journey 3: From the Earth to the Moon
            </div>
            <div
              className="year"
            >
              2018
            </div>
          </div>
          <div
            className="info"
          >
            <div
              className="genres"
            >
              <span
                className="genre"
              >
                Action
              </span>
              <span
                className="genre"
              >
                Adventure
              </span>
              <span
                className="genre"
              >
                Fantasy
              </span>
              <span
                className="genre"
              >
                Science Fiction
              </span>
            </div>
          </div>
        </div>
      </div>
    </div>
  </div>
  <div
    className="container"
    id="film"
    onClick={[Function]}
    onKeyPress={[Function]}
    role="presentation"
  >
    <div
      className="wrapper"
    >
      <div
        className="poster"
        style={
          Object {
            "backgroundImage": "url(https://image.tmdb.org/t/p/w500/sshNRCbtU2ON8SiWLycQzr05doX.jpg)",
          }
        }
      />
      <div
        className="container"
      >
        <div
          className="film-description"
        >
          <div
            className="titleWrapper"
          >
            <div
              className="name"
            >
              Aquaman
            </div>
            <div
              className="year"
            >
              2018
            </div>
          </div>
          <div
            className="info"
          >
            <div
              className="genres"
            >
              <span
                className="genre"
              >
                Action
              </span>
              <span
                className="genre"
              >
                Fantasy
              </span>
              <span
                className="genre"
              >
                Science Fiction
              </span>
            </div>
          </div>
        </div>
      </div>
    </div>
  </div>
  <div
    className="container"
    id="film"
    onClick={[Function]}
    onKeyPress={[Function]}
    role="presentation"
  >
    <div
      className="wrapper"
    >
      <div
        className="poster"
        style={
          Object {
            "backgroundImage": "url(https://image.tmdb.org/t/p/w500/A2W75CVz9l8gEeWhQiiftlOCkgi.jpg)",
          }
        }
      />
      <div
        className="container"
      >
        <div
          className="film-description"
        >
          <div
            className="titleWrapper"
          >
            <div
              className="name"
            >
              Mission: Impossible - Fallout
            </div>
            <div
              className="year"
            >
              2018
            </div>
          </div>
          <div
            className="info"
          >
            <div
              className="genres"
            >
              <span
                className="genre"
              >
                Adventure
              </span>
              <span
                className="genre"
              >
                Action
              </span>
              <span
                className="genre"
              >
                Thriller
              </span>
            </div>
          </div>
        </div>
      </div>
    </div>
  </div>
  <div
    className="container"
    id="film"
    onClick={[Function]}
    onKeyPress={[Function]}
    role="presentation"
  >
    <div
      className="wrapper"
    >
      <div
        className="poster"
        style={
          Object {
            "backgroundImage": "url(https://image.tmdb.org/t/p/w500/ln6d5Okr6VK5vfQVobJTiYxeD0l.jpg)",
          }
        }
      />
      <div
        className="container"
      >
        <div
          className="film-description"
        >
          <div
            className="titleWrapper"
          >
            <div
              className="name"
            >
              Jurassic World: Fallen Kingdom
            </div>
            <div
              className="year"
            >
              2018
            </div>
          </div>
          <div
            className="info"
          >
            <div
              className="genres"
            >
              <span
                className="genre"
              >
                Action
              </span>
              <span
                className="genre"
              >
                Adventure
              </span>
              <span
                className="genre"
              >
                Drama
              </span>
              <span
                className="genre"
              >
                Science Fiction
              </span>
              <span
                className="genre"
              >
                Thriller
              </span>
            </div>
          </div>
        </div>
      </div>
    </div>
  </div>
  <div
    className="container"
    id="film"
    onClick={[Function]}
    onKeyPress={[Function]}
    role="presentation"
  >
    <div
      className="wrapper"
    >
      <div
        className="poster"
        style={
          Object {
            "backgroundImage": "url(https://image.tmdb.org/t/p/w500/uJ6OnE3CzGWq6buLINAbdBqa0gV.jpg)",
          }
        }
      />
      <div
        className="container"
      >
        <div
          className="film-description"
        >
          <div
            className="titleWrapper"
          >
            <div
              className="name"
            >
              Solo: A Star Wars Story
            </div>
            <div
              className="year"
            >
              2018
            </div>
          </div>
          <div
            className="info"
          >
            <div
              className="genres"
            >
              <span
                className="genre"
              >
                Action
              </span>
              <span
                className="genre"
              >
                Adventure
              </span>
              <span
                className="genre"
              >
                Family
              </span>
              <span
                className="genre"
              >
                Science Fiction
              </span>
            </div>
          </div>
        </div>
      </div>
    </div>
  </div>
</div>
`;
