// Jest Snapshot v1, https://goo.gl/fbAQLP

exports[`Header Snapshot renders 1`] = `
<header
  className="header"
>
  <p
    className="logo"
    onClick={[Function]}
    onKeyPress={[Function]}
    role="presentation"
  >
    netflixroulette
  </p>
</header>
`;

exports[`Header Snapshot renders 2`] = `
<header
  className="header"
>
  <p
    className="logo"
    onClick={[Function]}
    onKeyPress={[Function]}
    role="presentation"
  >
    netflixroulette
  </p>
</header>
`;
