// Jest Snapshot v1, https://goo.gl/fbAQLP

exports[`Header Snapshot renders 1`] = `
<header
  className="header"
>
  <Link
    className="link"
    to="/"
  >
    <p
      className="logo"
      onClick={[Function]}
      onKeyPress={[Function]}
      role="presentation"
    >
      netflixroulette
    </p>
  </Link>
</header>
`;
