// Jest Snapshot v1, https://goo.gl/fbAQLP

exports[`MovieSearchPage Snapshot renders 1`] = `
<div
  className="wrapper"
  id="MovieSearchPage"
>
  <section
    className="section"
  >
    <Header />
    <Search />
  </section>
</div>
`;

exports[`MovieSearchPage Snapshot renders isActive 1`] = `
<div
  className="wrapper"
  id="MovieSearchPage"
>
  <section
    className="section"
  >
    <Header />
    <Search />
  </section>
</div>
`;
